[2026-07-05 18:51:26] [INFO] Application Started
[2026-07-05 18:51:36] [INFO] Analyze PC Selected
[2026-07-05 18:52:38] [INFO] Application Started
[2026-07-05 18:52:42] [INFO] Analyze PC Selected
[2026-07-05 18:52:42] [INFO] Starting Gaming Analysis
[2026-07-05 18:52:43] [INFO] Gaming Analysis Completed
[2026-07-05 18:55:33] [INFO] Application Started
[2026-07-05 18:55:36] [INFO] Analyze PC Selected
[2026-07-05 18:55:36] [INFO] Starting Gaming Analysis
[2026-07-05 18:55:38] [INFO] Gaming Analysis Completed
[2026-07-05 18:55:59] [INFO] Application Started
[2026-07-05 18:57:06] [INFO] Analyze PC Selected
[2026-07-05 18:57:06] [INFO] Starting Gaming Analysis
[2026-07-05 18:57:08] [INFO] Gaming Analysis Completed
[2026-07-05 19:02:37] [INFO] Application started
[2026-07-05 19:02:50] [INFO] Analyze PC selected
[2026-07-05 19:02:50] [INFO] Starting analyzer
[2026-07-05 19:02:52] [INFO] Analyzer complete. Score: 86/100
[2026-07-05 19:07:40] [INFO] Analyze PC selected
[2026-07-05 19:07:40] [INFO] Starting analyzer
[2026-07-05 19:07:41] [INFO] Analyzer complete. Score: 86/100
[2026-07-05 19:10:51] [INFO] Application started
[2026-07-05 19:12:23] [INFO] Analyze PC selected
[2026-07-05 19:12:23] [INFO] Starting gaming analysis
[2026-07-05 19:12:24] [INFO] Hardware info collected
[2026-07-05 19:12:24] [INFO] Gaming analysis completed. Score: 100
[2026-07-05 19:17:24] [INFO] Application Started
[2026-07-05 19:18:00] [INFO] Create Restore Point Selected
[2026-07-05 19:18:00] [INFO] Creating restore point...
[2026-07-05 19:18:08] [INFO] Restore point created successfully.
[2026-07-05 19:21:11] [INFO] Application Started
[2026-07-05 19:21:13] [INFO] Disable Game DVR Selected
[2026-07-05 19:21:14] [INFO] Disabling Game DVR...
[2026-07-05 19:21:14] [INFO] Game DVR disabled successfully.
[2026-07-05 19:21:26] [INFO] Analyze PC Selected
[2026-07-05 19:21:26] [INFO] Starting gaming analysis
[2026-07-05 19:21:28] [INFO] Hardware info collected
[2026-07-05 19:21:28] [INFO] Gaming analysis completed. Score: 100
[2026-07-05 19:24:32] [INFO] Application started
[2026-07-05 19:25:22] [INFO] Application started
[2026-07-05 19:25:26] [INFO] Apply Safe Gaming Tweaks selected
[2026-07-05 19:25:26] [INFO] Creating restore point...
[2026-07-05 19:25:33] [INFO] Restore point created successfully.
[2026-07-05 19:25:33] [INFO] Enabling Game Mode...
[2026-07-05 19:25:33] [INFO] Game Mode enabled successfully.
[2026-07-05 19:25:33] [INFO] Disabling Game DVR...
[2026-07-05 19:25:33] [INFO] Game DVR disabled successfully.
[2026-07-05 19:25:33] [INFO] Enabling HAGS...
[2026-07-05 19:25:33] [INFO] HAGS enabled successfully. Restart required.
[2026-07-05 19:25:33] [INFO] Enabling Optimizations for Windowed Games...
[2026-07-05 19:25:33] [INFO] Windowed Optimizations enabled successfully.
[2026-07-05 19:25:33] [INFO] Disabling mouse acceleration...
[2026-07-05 19:25:33] [INFO] Mouse acceleration disabled successfully.
[2026-07-05 19:25:33] [INFO] Safe gaming tweaks completed
[2026-07-05 19:27:53] [INFO] Application started
[2026-07-05 19:27:55] [INFO] Apply Safe Gaming Tweaks selected
[2026-07-05 19:27:55] [INFO] Creating restore point...
[2026-07-05 19:28:02] [INFO] Restore point created successfully.
[2026-07-05 19:28:02] [INFO] Enabling Game Mode...
[2026-07-05 19:28:02] [INFO] Game Mode enabled successfully.
[2026-07-05 19:28:02] [INFO] Disabling Game DVR...
[2026-07-05 19:28:02] [INFO] Game DVR disabled successfully.
[2026-07-05 19:28:02] [INFO] Enabling HAGS...
[2026-07-05 19:28:02] [INFO] HAGS enabled successfully. Restart required.
[2026-07-05 19:28:02] [INFO] Enabling Optimizations for Windowed Games...
[2026-07-05 19:28:02] [INFO] Windowed Optimizations enabled successfully.
[2026-07-05 19:28:02] [INFO] Disabling mouse acceleration...
[2026-07-05 19:28:02] [INFO] Mouse acceleration disabled successfully.
[2026-07-05 19:28:02] [INFO] Safe gaming tweaks completed
[2026-07-05 19:41:16] [INFO] Application started
[2026-07-05 19:41:18] [INFO] Restore gaming tweaks selected
[2026-07-05 19:41:18] [INFO] Restoring Game Mode default/on
[2026-07-05 19:41:19] [INFO] Restoring Game DVR/Xbox Capture default/on
[2026-07-05 19:41:19] [INFO] Restoring HAGS to Windows default
[2026-07-05 19:41:19] [INFO] Restoring Windowed Optimizations to Windows default
[2026-07-05 19:41:19] [INFO] Restoring mouse acceleration default
[2026-07-05 19:42:28] [INFO] Analyze PC selected
[2026-07-05 19:42:28] [INFO] Starting gaming analysis
[2026-07-05 19:42:29] [INFO] Hardware info collected
[2026-07-05 19:42:29] [INFO] Gaming analysis complete. Score: 29/100
[2026-07-05 19:42:37] [INFO] Apply safe gaming tweaks selected
[2026-07-05 19:42:37] [INFO] Creating restore point...
[2026-07-05 19:42:45] [INFO] Restore point created successfully.
[2026-07-05 19:42:45] [INFO] Enabling Game Mode
[2026-07-05 19:42:45] [INFO] Disabling Game DVR
[2026-07-05 19:42:45] [INFO] Enabling HAGS
[2026-07-05 19:42:45] [INFO] Enabling Windowed Optimizations
[2026-07-05 19:42:45] [INFO] Disabling mouse acceleration
[2026-07-05 19:43:06] [INFO] Analyze PC selected
[2026-07-05 19:43:06] [INFO] Starting gaming analysis
[2026-07-05 19:43:07] [INFO] Hardware info collected
[2026-07-05 19:43:07] [INFO] Gaming analysis complete. Score: 100/100
[2026-07-05 19:46:14] [INFO] Application Started
[2026-07-05 19:46:40] [INFO] Creating restore point
[2026-07-05 19:46:47] [INFO] Restore point created successfully
[2026-07-05 19:46:47] [INFO] Creating SLXDE power plan
[2026-07-05 19:46:48] [INFO] SLXDE power plan created and activated
[2026-07-05 19:46:48] [INFO] Windows appearance optimized
[2026-07-05 19:46:48] [INFO] Background apps disabled
[2026-07-05 19:46:48] [INFO] Location tracking disabled
[2026-07-05 19:46:48] [INFO] USB power saving disabled
[2026-07-05 19:46:48] [INFO] Startup delay disabled
[2026-07-05 19:49:27] [INFO] Application Started
[2026-07-05 19:49:44] [INFO] Creating restore point
[2026-07-05 19:49:52] [INFO] Restore point created successfully
[2026-07-05 19:49:52] [INFO] Creating SLXDE power plan
[2026-07-05 19:49:53] [INFO] Existing SLXDE power plan activated
[2026-07-05 19:49:53] [INFO] Windows appearance optimized
[2026-07-05 19:49:53] [INFO] Background apps disabled
[2026-07-05 19:49:53] [INFO] Location tracking disabled
[2026-07-05 19:49:53] [INFO] USB power saving disabled
[2026-07-05 19:49:53] [INFO] Startup delay disabled
[2026-07-05 19:50:57] [INFO] Application Started
[2026-07-05 19:51:17] [INFO] Application Started
[2026-07-05 19:51:22] [INFO] Creating restore point
[2026-07-05 19:51:30] [INFO] Restore point created successfully
[2026-07-05 19:51:30] [INFO] Creating SLXDE power plan
[2026-07-05 19:51:30] [INFO] Existing SLXDE power plan activated
[2026-07-05 19:51:30] [INFO] Windows appearance optimized
[2026-07-05 19:51:30] [INFO] Background apps disabled
[2026-07-05 19:51:30] [INFO] Location tracking disabled
[2026-07-05 19:51:31] [INFO] USB power saving disabled
[2026-07-05 19:51:31] [INFO] Startup delay disabled
[2026-07-05 19:52:03] [INFO] Opened advanced display settings
[2026-07-05 19:58:48] [INFO] Application Started
[2026-07-05 19:59:02] [ERROR] Failed disabling NIC power saving: A parameter cannot be found that matches parameter name 'AllowComputerToTurnOffDevice'.
[2026-07-05 19:59:05] [ERROR] Failed disabling NIC power saving: A parameter cannot be found that matches parameter name 'AllowComputerToTurnOffDevice'.
[2026-07-05 20:00:50] [INFO] Hardware info collected
[2026-07-05 20:01:06] [INFO] Overlay detection completed
[2026-07-05 20:01:28] [INFO] Opened advanced display settings
[2026-07-05 20:01:51] [INFO] Creating restore point
[2026-07-05 20:01:59] [INFO] Restore point created successfully
[2026-07-05 20:01:59] [INFO] Game Mode enabled
[2026-07-05 20:01:59] [INFO] Game DVR / Xbox Capture disabled
[2026-07-05 20:01:59] [INFO] HAGS enabled
[2026-07-05 20:01:59] [INFO] Windowed optimizations enabled
[2026-07-05 20:01:59] [INFO] Mouse acceleration disabled
[2026-07-05 20:02:57] [INFO] Opened Windows graphics settings
[2026-07-05 20:03:08] [INFO] Opened Windows graphics settings
[2026-07-05 20:06:42] [INFO] Application Started
[2026-07-05 20:06:45] [INFO] Starting gaming analysis
[2026-07-05 20:06:47] [INFO] Hardware info collected
[2026-07-05 20:06:47] [INFO] Gaming analysis completed. Score: 100/100
[2026-07-05 20:07:03] [ERROR] Failed to set high performance GPU preference: Cannot bind argument to parameter 'Name' because it is an empty string.
[2026-07-05 20:07:20] [INFO] Set Wake on Magic Packet to Disabled on Ethernet
[2026-07-05 20:07:20] [INFO] Set Wake on pattern match to Disabled on Ethernet
[2026-07-05 20:07:20] [INFO] Set Interrupt Moderation to Disabled on Ethernet
[2026-07-05 20:07:20] [INFO] Set Speed & Duplex to Auto Negotiation on Ethernet
[2026-07-05 20:07:20] [INFO] Network Pack completed. Applied 4 / 8 supported adapter tweaks.
[2026-07-05 20:07:49] [INFO] NetworkThrottlingIndex set to ffffffff
[2026-07-05 20:07:49] [INFO] SystemResponsiveness set to 0
[2026-07-05 20:08:02] [INFO] AMD software not found
[2026-07-05 20:08:26] [INFO] Display refresh info shown
[2026-07-05 20:08:44] [INFO] Opened startup apps settings
[2026-07-05 20:09:50] [INFO] Clearing temp files
[2026-07-05 20:09:56] [INFO] Clearing common log files
[2026-07-05 20:09:59] [INFO] Disk Cleanup launched
[2026-07-05 20:14:32] [INFO] SFC completed
[2026-07-05 20:15:13] [INFO] SFC completed
[2026-07-05 20:23:38] [INFO] Application Started
[2026-07-05 20:23:41] [INFO] Starting gaming analysis
[2026-07-05 20:23:43] [INFO] Hardware info collected
[2026-07-05 20:23:43] [INFO] Gaming analysis completed. Score: 80/100
[2026-07-05 20:23:59] [INFO] Game Mode enabled
[2026-07-05 20:24:01] [INFO] Game DVR / Xbox Capture disabled
[2026-07-05 20:24:05] [INFO] HAGS enabled
[2026-07-05 20:24:08] [INFO] Windowed optimizations enabled
[2026-07-05 20:24:11] [INFO] Mouse acceleration disabled
[2026-07-05 20:24:32] [INFO] Creating SLXDE power plan
[2026-07-05 20:24:32] [INFO] Existing SLXDE power plan activated
[2026-07-05 20:24:39] [INFO] Background apps disabled
[2026-07-05 20:24:43] [INFO] Location tracking disabled
[2026-07-05 20:24:46] [INFO] USB power saving disabled
[2026-07-05 20:24:49] [INFO] Startup delay disabled
[2026-07-05 20:24:56] [INFO] Opened startup apps settings
[2026-07-05 20:25:13] [INFO] Clearing temp files
[2026-07-05 20:25:15] [INFO] Clearing common log files
[2026-07-05 20:25:18] [INFO] Disk Cleanup launched
[2026-07-05 20:25:40] [INFO] Clearing shader caches
[2026-07-05 20:25:47] [INFO] Slxde Optimizer - System File Check launched in separate command window
[2026-07-05 20:28:27] [INFO] Slxde Optimizer - Windows Image Repair launched in separate command window
[2026-07-05 20:33:32] [INFO] Opened AMD Adrenalin: C:\Program Files\AMD\CNext\CNext\RadeonSoftware.exe
[2026-07-05 20:34:51] [INFO] Application Started
[2026-07-05 20:35:06] [INFO] Creating/loading SLXDE power plan
[2026-07-05 20:35:09] [INFO] SLXDE power plan settings applied
[2026-07-05 20:35:09] [INFO] Existing SLXDE power plan activated and optimized
[2026-07-05 20:35:10] [INFO] Creating/loading SLXDE power plan
[2026-07-05 20:35:12] [INFO] SLXDE power plan settings applied
[2026-07-05 20:35:12] [INFO] Existing SLXDE power plan activated and optimized
[2026-07-05 20:35:14] [INFO] Creating/loading SLXDE power plan
[2026-07-05 20:35:16] [INFO] SLXDE power plan settings applied
[2026-07-05 20:35:16] [INFO] Existing SLXDE power plan activated and optimized
[2026-07-05 20:35:59] [INFO] Creating restore point
